app/creators/[id]/page.tsx(94,13): error TS2322: Type '({ creatorId, creatorName }: { creatorId: string; creatorName: string; }) => Element' is not assignable to type 'ReactNode'.
app/orders/[id]/page.tsx(40,33): error TS18047: 'order' is possibly 'null'.
app/orders/[id]/page.tsx(88,83): error TS2339: Property 'review' does not exist on type '{ customer: { profile: { id: string; fullName: string; avatarUrl: string | null; bio: string | null; skills: string[]; portfolio: string[]; hourlyRate: Decimal | null; available: boolean; location: JsonValue; rating: Decimal; reviewCount: number; userId: string; } | null; } & { ...; }; creator: { ...; } & { ...; }; ...'.
components/request-service-modal.tsx(27,9): error TS2322: Type 'Resolver<{ title: string; description: string; budget: unknown; deadline?: string | undefined; }, any, { title: string; description: string; budget: number; deadline?: string | undefined; }>' is not assignable to type 'Resolver<{ title: string; description: string; budget: number; deadline?: string | undefined; }, any, { title: string; description: string; budget: number; deadline?: string | undefined; }>'.
  Types of parameters 'options' and 'options' are incompatible.
    Type 'ResolverOptions<{ title: string; description: string; budget: number; deadline?: string | undefined; }>' is not assignable to type 'ResolverOptions<{ title: string; description: string; budget: unknown; deadline?: string | undefined; }>'.
      Type 'unknown' is not assignable to type 'number'.
components/request-service-modal.tsx(59,55): error TS2345: Argument of type '(values: { title: string; description: string; budget: number; deadline?: string | undefined; }) => Promise<void>' is not assignable to parameter of type 'SubmitHandler<TFieldValues>'.
  Types of parameters 'values' and 'data' are incompatible.
    Type 'TFieldValues' is not assignable to type '{ title: string; description: string; budget: number; deadline?: string | undefined; }'.
      Type 'FieldValues' is missing the following properties from type '{ title: string; description: string; budget: number; deadline?: string | undefined; }': title, description, budget
components/request-service-modal.tsx(61,29): error TS2322: Type 'Control<{ title: string; description: string; budget: number; deadline?: string | undefined; }, any, TFieldValues>' is not assignable to type 'Control<{ title: string; description: string; budget: number; deadline?: string | undefined; }, any, { title: string; description: string; budget: number; deadline?: string | undefined; }>'.
  The types of '_options.resolver' are incompatible between these types.
    Type 'Resolver<{ title: string; description: string; budget: number; deadline?: string | undefined; }, any, TFieldValues> | undefined' is not assignable to type 'Resolver<{ title: string; description: string; budget: number; deadline?: string | undefined; }, any, { title: string; description: string; budget: number; deadline?: string | undefined; }> | undefined'.
      Type 'Resolver<{ title: string; description: string; budget: number; deadline?: string | undefined; }, any, TFieldValues>' is not assignable to type 'Resolver<{ title: string; description: string; budget: number; deadline?: string | undefined; }, any, { title: string; description: string; budget: number; deadline?: string | undefined; }>'.
        Type 'ResolverResult<{ title: string; description: string; budget: number; deadline?: string | undefined; }, TFieldValues> | Promise<ResolverResult<{ title: string; description: string; budget: number; deadline?: string | undefined; }, TFieldValues>>' is not assignable to type 'ResolverResult<{ title: string; description: string; budget: number; deadline?: string | undefined; }, { title: string; description: string; budget: number; deadline?: string | undefined; }> | Promise<...>'.
          Type 'ResolverSuccess<TFieldValues>' is not assignable to type 'ResolverResult<{ title: string; description: string; budget: number; deadline?: string | undefined; }, { title: string; description: string; budget: number; deadline?: string | undefined; }> | Promise<...>'.
            Type 'ResolverSuccess<TFieldValues>' is not assignable to type 'ResolverSuccess<{ title: string; description: string; budget: number; deadline?: string | undefined; }>'.
              Type 'TFieldValues' is not assignable to type '{ title: string; description: string; budget: number; deadline?: string | undefined; }'.
                Type 'FieldValues' is missing the following properties from type '{ title: string; description: string; budget: number; deadline?: string | undefined; }': title, description, budget
components/request-service-modal.tsx(74,29): error TS2322: Type 'Control<{ title: string; description: string; budget: number; deadline?: string | undefined; }, any, TFieldValues>' is not assignable to type 'Control<{ title: string; description: string; budget: number; deadline?: string | undefined; }, any, { title: string; description: string; budget: number; deadline?: string | undefined; }>'.
  The types of '_options.resolver' are incompatible between these types.
    Type 'Resolver<{ title: string; description: string; budget: number; deadline?: string | undefined; }, any, TFieldValues> | undefined' is not assignable to type 'Resolver<{ title: string; description: string; budget: number; deadline?: string | undefined; }, any, { title: string; description: string; budget: number; deadline?: string | undefined; }> | undefined'.
      Type 'Resolver<{ title: string; description: string; budget: number; deadline?: string | undefined; }, any, TFieldValues>' is not assignable to type 'Resolver<{ title: string; description: string; budget: number; deadline?: string | undefined; }, any, { title: string; description: string; budget: number; deadline?: string | undefined; }>'.
        Type 'ResolverResult<{ title: string; description: string; budget: number; deadline?: string | undefined; }, TFieldValues> | Promise<ResolverResult<{ title: string; description: string; budget: number; deadline?: string | undefined; }, TFieldValues>>' is not assignable to type 'ResolverResult<{ title: string; description: string; budget: number; deadline?: string | undefined; }, { title: string; description: string; budget: number; deadline?: string | undefined; }> | Promise<...>'.
          Type 'ResolverSuccess<TFieldValues>' is not assignable to type 'ResolverResult<{ title: string; description: string; budget: number; deadline?: string | undefined; }, { title: string; description: string; budget: number; deadline?: string | undefined; }> | Promise<...>'.
            Type 'ResolverSuccess<TFieldValues>' is not assignable to type 'ResolverSuccess<{ title: string; description: string; budget: number; deadline?: string | undefined; }>'.
              Type 'TFieldValues' is not assignable to type '{ title: string; description: string; budget: number; deadline?: string | undefined; }'.
                Type 'FieldValues' is missing the following properties from type '{ title: string; description: string; budget: number; deadline?: string | undefined; }': title, description, budget
components/request-service-modal.tsx(88,33): error TS2322: Type 'Control<{ title: string; description: string; budget: number; deadline?: string | undefined; }, any, TFieldValues>' is not assignable to type 'Control<{ title: string; description: string; budget: number; deadline?: string | undefined; }, any, { title: string; description: string; budget: number; deadline?: string | undefined; }>'.
  The types of '_options.resolver' are incompatible between these types.
    Type 'Resolver<{ title: string; description: string; budget: number; deadline?: string | undefined; }, any, TFieldValues> | undefined' is not assignable to type 'Resolver<{ title: string; description: string; budget: number; deadline?: string | undefined; }, any, { title: string; description: string; budget: number; deadline?: string | undefined; }> | undefined'.
      Type 'Resolver<{ title: string; description: string; budget: number; deadline?: string | undefined; }, any, TFieldValues>' is not assignable to type 'Resolver<{ title: string; description: string; budget: number; deadline?: string | undefined; }, any, { title: string; description: string; budget: number; deadline?: string | undefined; }>'.
        Type 'ResolverResult<{ title: string; description: string; budget: number; deadline?: string | undefined; }, TFieldValues> | Promise<ResolverResult<{ title: string; description: string; budget: number; deadline?: string | undefined; }, TFieldValues>>' is not assignable to type 'ResolverResult<{ title: string; description: string; budget: number; deadline?: string | undefined; }, { title: string; description: string; budget: number; deadline?: string | undefined; }> | Promise<...>'.
          Type 'ResolverSuccess<TFieldValues>' is not assignable to type 'ResolverResult<{ title: string; description: string; budget: number; deadline?: string | undefined; }, { title: string; description: string; budget: number; deadline?: string | undefined; }> | Promise<...>'.
            Type 'ResolverSuccess<TFieldValues>' is not assignable to type 'ResolverSuccess<{ title: string; description: string; budget: number; deadline?: string | undefined; }>'.
              Type 'TFieldValues' is not assignable to type '{ title: string; description: string; budget: number; deadline?: string | undefined; }'.
                Type 'FieldValues' is missing the following properties from type '{ title: string; description: string; budget: number; deadline?: string | undefined; }': title, description, budget
components/request-service-modal.tsx(101,33): error TS2322: Type 'Control<{ title: string; description: string; budget: number; deadline?: string | undefined; }, any, TFieldValues>' is not assignable to type 'Control<{ title: string; description: string; budget: number; deadline?: string | undefined; }, any, { title: string; description: string; budget: number; deadline?: string | undefined; }>'.
  The types of '_options.resolver' are incompatible between these types.
    Type 'Resolver<{ title: string; description: string; budget: number; deadline?: string | undefined; }, any, TFieldValues> | undefined' is not assignable to type 'Resolver<{ title: string; description: string; budget: number; deadline?: string | undefined; }, any, { title: string; description: string; budget: number; deadline?: string | undefined; }> | undefined'.
      Type 'Resolver<{ title: string; description: string; budget: number; deadline?: string | undefined; }, any, TFieldValues>' is not assignable to type 'Resolver<{ title: string; description: string; budget: number; deadline?: string | undefined; }, any, { title: string; description: string; budget: number; deadline?: string | undefined; }>'.
        Type 'ResolverResult<{ title: string; description: string; budget: number; deadline?: string | undefined; }, TFieldValues> | Promise<ResolverResult<{ title: string; description: string; budget: number; deadline?: string | undefined; }, TFieldValues>>' is not assignable to type 'ResolverResult<{ title: string; description: string; budget: number; deadline?: string | undefined; }, { title: string; description: string; budget: number; deadline?: string | undefined; }> | Promise<...>'.
          Type 'ResolverSuccess<TFieldValues>' is not assignable to type 'ResolverResult<{ title: string; description: string; budget: number; deadline?: string | undefined; }, { title: string; description: string; budget: number; deadline?: string | undefined; }> | Promise<...>'.
            Type 'ResolverSuccess<TFieldValues>' is not assignable to type 'ResolverSuccess<{ title: string; description: string; budget: number; deadline?: string | undefined; }>'.
              Type 'TFieldValues' is not assignable to type '{ title: string; description: string; budget: number; deadline?: string | undefined; }'.
                Type 'FieldValues' is missing the following properties from type '{ title: string; description: string; budget: number; deadline?: string | undefined; }': title, description, budget
lib/uploadthing.ts(4,8): error TS2307: Cannot find module 'uploadthing/react' or its corresponding type declarations.
